// Jest Snapshot v1, https://goo.gl/fbAQLP

exports[`check positions with source 1`] = `
Object {
  "children": Array [
    Object {
      "children": Array [
        Object {
          "position": Object {
            "end": Object {
              "column": 7,
              "line": 1,
            },
            "start": Object {
              "column": 1,
              "line": 1,
            },
          },
          "type": "text",
          "value": "import",
        },
      ],
      "position": Object {
        "end": Object {
          "column": 7,
          "line": 1,
        },
        "start": Object {
          "column": 1,
          "line": 1,
        },
      },
      "properties": Object {
        "className": Array [
          "hljs-keyword",
        ],
      },
      "tagName": "span",
      "type": "element",
    },
    Object {
      "position": Object {
        "end": Object {
          "column": 26,
          "line": 1,
        },
        "start": Object {
          "column": 7,
          "line": 1,
        },
      },
      "type": "text",
      "value": " { createContext } ",
    },
    Object {
      "children": Array [
        Object {
          "position": Object {
            "end": Object {
              "column": 30,
              "line": 1,
            },
            "start": Object {
              "column": 26,
              "line": 1,
            },
          },
          "type": "text",
          "value": "from",
        },
      ],
      "position": Object {
        "end": Object {
          "column": 30,
          "line": 1,
        },
        "start": Object {
          "column": 26,
          "line": 1,
        },
      },
      "properties": Object {
        "className": Array [
          "hljs-keyword",
        ],
      },
      "tagName": "span",
      "type": "element",
    },
    Object {
      "position": Object {
        "end": Object {
          "column": 31,
          "line": 1,
        },
        "start": Object {
          "column": 30,
          "line": 1,
        },
      },
      "type": "text",
      "value": " ",
    },
    Object {
      "children": Array [
        Object {
          "position": Object {
            "end": Object {
              "column": 38,
              "line": 1,
            },
            "start": Object {
              "column": 31,
              "line": 1,
            },
          },
          "type": "text",
          "value": "\\"react\\"",
        },
      ],
      "position": Object {
        "end": Object {
          "column": 38,
          "line": 1,
        },
        "start": Object {
          "column": 31,
          "line": 1,
        },
      },
      "properties": Object {
        "className": Array [
          "hljs-string",
        ],
      },
      "tagName": "span",
      "type": "element",
    },
    Object {
      "position": Object {
        "end": Object {
          "column": 1,
          "line": 3,
        },
        "start": Object {
          "column": 38,
          "line": 1,
        },
      },
      "type": "text",
      "value": ";

",
    },
    Object {
      "children": Array [
        Object {
          "position": Object {
            "end": Object {
              "column": 7,
              "line": 3,
            },
            "start": Object {
              "column": 1,
              "line": 3,
            },
          },
          "type": "text",
          "value": "export",
        },
      ],
      "position": Object {
        "end": Object {
          "column": 7,
          "line": 3,
        },
        "start": Object {
          "column": 1,
          "line": 3,
        },
      },
      "properties": Object {
        "className": Array [
          "hljs-keyword",
        ],
      },
      "tagName": "span",
      "type": "element",
    },
    Object {
      "position": Object {
        "end": Object {
          "column": 5,
          "line": 4,
        },
        "start": Object {
          "column": 7,
          "line": 3,
        },
      },
      "type": "text",
      "value": " interface DropdownContextDto {
    ",
    },
    Object {
      "children": Array [
        Object {
          "position": Object {
            "end": Object {
              "column": 11,
              "line": 4,
            },
            "start": Object {
              "column": 5,
              "line": 4,
            },
          },
          "type": "text",
          "value": "isOpen",
        },
      ],
      "position": Object {
        "end": Object {
          "column": 11,
          "line": 4,
        },
        "start": Object {
          "column": 5,
          "line": 4,
        },
      },
      "properties": Object {
        "className": Array [
          "hljs-attr",
        ],
      },
      "tagName": "span",
      "type": "element",
    },
    Object {
      "position": Object {
        "end": Object {
          "column": 20,
          "line": 6,
        },
        "start": Object {
          "column": 11,
          "line": 4,
        },
      },
      "type": "text",
      "value": ": boolean;
    isDisabled: boolean;
    onHeaderClick: ",
    },
    Object {
      "children": Array [
        Object {
          "children": Array [
            Object {
              "position": Object {
                "end": Object {
                  "column": 22,
                  "line": 6,
                },
                "start": Object {
                  "column": 20,
                  "line": 6,
                },
              },
              "type": "text",
              "value": "()",
            },
          ],
          "position": Object {
            "end": Object {
              "column": 22,
              "line": 6,
            },
            "start": Object {
              "column": 20,
              "line": 6,
            },
          },
          "properties": Object {
            "className": Array [
              "hljs-params",
            ],
          },
          "tagName": "span",
          "type": "element",
        },
        Object {
          "position": Object {
            "end": Object {
              "column": 25,
              "line": 6,
            },
            "start": Object {
              "column": 22,
              "line": 6,
            },
          },
          "type": "text",
          "value": " =>",
        },
      ],
      "position": Object {
        "end": Object {
          "column": 25,
          "line": 6,
        },
        "start": Object {
          "column": 20,
          "line": 6,
        },
      },
      "properties": Object {
        "className": Array [
          "hljs-function",
        ],
      },
      "tagName": "span",
      "type": "element",
    },
    Object {
      "position": Object {
        "end": Object {
          "column": 26,
          "line": 6,
        },
        "start": Object {
          "column": 25,
          "line": 6,
        },
      },
      "type": "text",
      "value": " ",
    },
    Object {
      "children": Array [
        Object {
          "position": Object {
            "end": Object {
              "column": 30,
              "line": 6,
            },
            "start": Object {
              "column": 26,
              "line": 6,
            },
          },
          "type": "text",
          "value": "void",
        },
      ],
      "position": Object {
        "end": Object {
          "column": 30,
          "line": 6,
        },
        "start": Object {
          "column": 26,
          "line": 6,
        },
      },
      "properties": Object {
        "className": Array [
          "hljs-keyword",
        ],
      },
      "tagName": "span",
      "type": "element",
    },
    Object {
      "position": Object {
        "end": Object {
          "column": 21,
          "line": 7,
        },
        "start": Object {
          "column": 30,
          "line": 6,
        },
      },
      "type": "text",
      "value": ";
    onSectionClick: ",
    },
    Object {
      "children": Array [
        Object {
          "children": Array [
            Object {
              "position": Object {
                "end": Object {
                  "column": 23,
                  "line": 7,
                },
                "start": Object {
                  "column": 21,
                  "line": 7,
                },
              },
              "type": "text",
              "value": "()",
            },
          ],
          "position": Object {
            "end": Object {
              "column": 23,
              "line": 7,
            },
            "start": Object {
              "column": 21,
              "line": 7,
            },
          },
          "properties": Object {
            "className": Array [
              "hljs-params",
            ],
          },
          "tagName": "span",
          "type": "element",
        },
        Object {
          "position": Object {
            "end": Object {
              "column": 26,
              "line": 7,
            },
            "start": Object {
              "column": 23,
              "line": 7,
            },
          },
          "type": "text",
          "value": " =>",
        },
      ],
      "position": Object {
        "end": Object {
          "column": 26,
          "line": 7,
        },
        "start": Object {
          "column": 21,
          "line": 7,
        },
      },
      "properties": Object {
        "className": Array [
          "hljs-function",
        ],
      },
      "tagName": "span",
      "type": "element",
    },
    Object {
      "position": Object {
        "end": Object {
          "column": 27,
          "line": 7,
        },
        "start": Object {
          "column": 26,
          "line": 7,
        },
      },
      "type": "text",
      "value": " ",
    },
    Object {
      "children": Array [
        Object {
          "position": Object {
            "end": Object {
              "column": 31,
              "line": 7,
            },
            "start": Object {
              "column": 27,
              "line": 7,
            },
          },
          "type": "text",
          "value": "void",
        },
      ],
      "position": Object {
        "end": Object {
          "column": 31,
          "line": 7,
        },
        "start": Object {
          "column": 27,
          "line": 7,
        },
      },
      "properties": Object {
        "className": Array [
          "hljs-keyword",
        ],
      },
      "tagName": "span",
      "type": "element",
    },
    Object {
      "position": Object {
        "end": Object {
          "column": 1,
          "line": 10,
        },
        "start": Object {
          "column": 31,
          "line": 7,
        },
      },
      "type": "text",
      "value": ";
}

",
    },
    Object {
      "children": Array [
        Object {
          "position": Object {
            "end": Object {
              "column": 7,
              "line": 10,
            },
            "start": Object {
              "column": 1,
              "line": 10,
            },
          },
          "type": "text",
          "value": "export",
        },
      ],
      "position": Object {
        "end": Object {
          "column": 7,
          "line": 10,
        },
        "start": Object {
          "column": 1,
          "line": 10,
        },
      },
      "properties": Object {
        "className": Array [
          "hljs-keyword",
        ],
      },
      "tagName": "span",
      "type": "element",
    },
    Object {
      "position": Object {
        "end": Object {
          "column": 8,
          "line": 10,
        },
        "start": Object {
          "column": 7,
          "line": 10,
        },
      },
      "type": "text",
      "value": " ",
    },
    Object {
      "children": Array [
        Object {
          "position": Object {
            "end": Object {
              "column": 13,
              "line": 10,
            },
            "start": Object {
              "column": 8,
              "line": 10,
            },
          },
          "type": "text",
          "value": "const",
        },
      ],
      "position": Object {
        "end": Object {
          "column": 13,
          "line": 10,
        },
        "start": Object {
          "column": 8,
          "line": 10,
        },
      },
      "properties": Object {
        "className": Array [
          "hljs-keyword",
        ],
      },
      "tagName": "span",
      "type": "element",
    },
    Object {
      "position": Object {
        "end": Object {
          "column": 5,
          "line": 11,
        },
        "start": Object {
          "column": 13,
          "line": 10,
        },
      },
      "type": "text",
      "value": " DropdownContext = createContext<DropdownContextDto>({
    ",
    },
    Object {
      "children": Array [
        Object {
          "position": Object {
            "end": Object {
              "column": 11,
              "line": 11,
            },
            "start": Object {
              "column": 5,
              "line": 11,
            },
          },
          "type": "text",
          "value": "isOpen",
        },
      ],
      "position": Object {
        "end": Object {
          "column": 11,
          "line": 11,
        },
        "start": Object {
          "column": 5,
          "line": 11,
        },
      },
      "properties": Object {
        "className": Array [
          "hljs-attr",
        ],
      },
      "tagName": "span",
      "type": "element",
    },
    Object {
      "position": Object {
        "end": Object {
          "column": 13,
          "line": 11,
        },
        "start": Object {
          "column": 11,
          "line": 11,
        },
      },
      "type": "text",
      "value": ": ",
    },
    Object {
      "children": Array [
        Object {
          "position": Object {
            "end": Object {
              "column": 18,
              "line": 11,
            },
            "start": Object {
              "column": 13,
              "line": 11,
            },
          },
          "type": "text",
          "value": "false",
        },
      ],
      "position": Object {
        "end": Object {
          "column": 18,
          "line": 11,
        },
        "start": Object {
          "column": 13,
          "line": 11,
        },
      },
      "properties": Object {
        "className": Array [
          "hljs-literal",
        ],
      },
      "tagName": "span",
      "type": "element",
    },
    Object {
      "position": Object {
        "end": Object {
          "column": 5,
          "line": 12,
        },
        "start": Object {
          "column": 18,
          "line": 11,
        },
      },
      "type": "text",
      "value": ",
    ",
    },
    Object {
      "children": Array [
        Object {
          "position": Object {
            "end": Object {
              "column": 15,
              "line": 12,
            },
            "start": Object {
              "column": 5,
              "line": 12,
            },
          },
          "type": "text",
          "value": "isDisabled",
        },
      ],
      "position": Object {
        "end": Object {
          "column": 15,
          "line": 12,
        },
        "start": Object {
          "column": 5,
          "line": 12,
        },
      },
      "properties": Object {
        "className": Array [
          "hljs-attr",
        ],
      },
      "tagName": "span",
      "type": "element",
    },
    Object {
      "position": Object {
        "end": Object {
          "column": 17,
          "line": 12,
        },
        "start": Object {
          "column": 15,
          "line": 12,
        },
      },
      "type": "text",
      "value": ": ",
    },
    Object {
      "children": Array [
        Object {
          "position": Object {
            "end": Object {
              "column": 22,
              "line": 12,
            },
            "start": Object {
              "column": 17,
              "line": 12,
            },
          },
          "type": "text",
          "value": "false",
        },
      ],
      "position": Object {
        "end": Object {
          "column": 22,
          "line": 12,
        },
        "start": Object {
          "column": 17,
          "line": 12,
        },
      },
      "properties": Object {
        "className": Array [
          "hljs-literal",
        ],
      },
      "tagName": "span",
      "type": "element",
    },
    Object {
      "position": Object {
        "end": Object {
          "column": 5,
          "line": 13,
        },
        "start": Object {
          "column": 22,
          "line": 12,
        },
      },
      "type": "text",
      "value": ",
    ",
    },
    Object {
      "children": Array [
        Object {
          "position": Object {
            "end": Object {
              "column": 18,
              "line": 13,
            },
            "start": Object {
              "column": 5,
              "line": 13,
            },
          },
          "type": "text",
          "value": "onHeaderClick",
        },
      ],
      "position": Object {
        "end": Object {
          "column": 18,
          "line": 13,
        },
        "start": Object {
          "column": 5,
          "line": 13,
        },
      },
      "properties": Object {
        "className": Array [
          "hljs-attr",
        ],
      },
      "tagName": "span",
      "type": "element",
    },
    Object {
      "position": Object {
        "end": Object {
          "column": 20,
          "line": 13,
        },
        "start": Object {
          "column": 18,
          "line": 13,
        },
      },
      "type": "text",
      "value": ": ",
    },
    Object {
      "children": Array [
        Object {
          "children": Array [
            Object {
              "position": Object {
                "end": Object {
                  "column": 22,
                  "line": 13,
                },
                "start": Object {
                  "column": 20,
                  "line": 13,
                },
              },
              "type": "text",
              "value": "()",
            },
          ],
          "position": Object {
            "end": Object {
              "column": 22,
              "line": 13,
            },
            "start": Object {
              "column": 20,
              "line": 13,
            },
          },
          "properties": Object {
            "className": Array [
              "hljs-params",
            ],
          },
          "tagName": "span",
          "type": "element",
        },
        Object {
          "position": Object {
            "end": Object {
              "column": 25,
              "line": 13,
            },
            "start": Object {
              "column": 22,
              "line": 13,
            },
          },
          "type": "text",
          "value": " =>",
        },
      ],
      "position": Object {
        "end": Object {
          "column": 25,
          "line": 13,
        },
        "start": Object {
          "column": 20,
          "line": 13,
        },
      },
      "properties": Object {
        "className": Array [
          "hljs-function",
        ],
      },
      "tagName": "span",
      "type": "element",
    },
    Object {
      "position": Object {
        "end": Object {
          "column": 26,
          "line": 13,
        },
        "start": Object {
          "column": 25,
          "line": 13,
        },
      },
      "type": "text",
      "value": " ",
    },
    Object {
      "children": Array [
        Object {
          "position": Object {
            "end": Object {
              "column": 35,
              "line": 13,
            },
            "start": Object {
              "column": 26,
              "line": 13,
            },
          },
          "type": "text",
          "value": "undefined",
        },
      ],
      "position": Object {
        "end": Object {
          "column": 35,
          "line": 13,
        },
        "start": Object {
          "column": 26,
          "line": 13,
        },
      },
      "properties": Object {
        "className": Array [
          "hljs-literal",
        ],
      },
      "tagName": "span",
      "type": "element",
    },
    Object {
      "position": Object {
        "end": Object {
          "column": 5,
          "line": 14,
        },
        "start": Object {
          "column": 35,
          "line": 13,
        },
      },
      "type": "text",
      "value": ",
    ",
    },
    Object {
      "children": Array [
        Object {
          "position": Object {
            "end": Object {
              "column": 19,
              "line": 14,
            },
            "start": Object {
              "column": 5,
              "line": 14,
            },
          },
          "type": "text",
          "value": "onSectionClick",
        },
      ],
      "position": Object {
        "end": Object {
          "column": 19,
          "line": 14,
        },
        "start": Object {
          "column": 5,
          "line": 14,
        },
      },
      "properties": Object {
        "className": Array [
          "hljs-attr",
        ],
      },
      "tagName": "span",
      "type": "element",
    },
    Object {
      "position": Object {
        "end": Object {
          "column": 21,
          "line": 14,
        },
        "start": Object {
          "column": 19,
          "line": 14,
        },
      },
      "type": "text",
      "value": ": ",
    },
    Object {
      "children": Array [
        Object {
          "children": Array [
            Object {
              "position": Object {
                "end": Object {
                  "column": 23,
                  "line": 14,
                },
                "start": Object {
                  "column": 21,
                  "line": 14,
                },
              },
              "type": "text",
              "value": "()",
            },
          ],
          "position": Object {
            "end": Object {
              "column": 23,
              "line": 14,
            },
            "start": Object {
              "column": 21,
              "line": 14,
            },
          },
          "properties": Object {
            "className": Array [
              "hljs-params",
            ],
          },
          "tagName": "span",
          "type": "element",
        },
        Object {
          "position": Object {
            "end": Object {
              "column": 26,
              "line": 14,
            },
            "start": Object {
              "column": 23,
              "line": 14,
            },
          },
          "type": "text",
          "value": " =>",
        },
      ],
      "position": Object {
        "end": Object {
          "column": 26,
          "line": 14,
        },
        "start": Object {
          "column": 21,
          "line": 14,
        },
      },
      "properties": Object {
        "className": Array [
          "hljs-function",
        ],
      },
      "tagName": "span",
      "type": "element",
    },
    Object {
      "position": Object {
        "end": Object {
          "column": 27,
          "line": 14,
        },
        "start": Object {
          "column": 26,
          "line": 14,
        },
      },
      "type": "text",
      "value": " ",
    },
    Object {
      "children": Array [
        Object {
          "position": Object {
            "end": Object {
              "column": 36,
              "line": 14,
            },
            "start": Object {
              "column": 27,
              "line": 14,
            },
          },
          "type": "text",
          "value": "undefined",
        },
      ],
      "position": Object {
        "end": Object {
          "column": 36,
          "line": 14,
        },
        "start": Object {
          "column": 27,
          "line": 14,
        },
      },
      "properties": Object {
        "className": Array [
          "hljs-literal",
        ],
      },
      "tagName": "span",
      "type": "element",
    },
    Object {
      "position": Object {
        "end": Object {
          "column": 1,
          "line": 16,
        },
        "start": Object {
          "column": 36,
          "line": 14,
        },
      },
      "type": "text",
      "value": "
});
",
    },
  ],
  "type": "root",
}
`;
